// Vitest Snapshot v1

exports[`Link changes the class when hovered 1`] = `
<div
  className="container"
>
  <div
    className="row"
  >
    <div
      className="col s12 m12 l12"
    >
      12
    </div>
    <div
      className="col s6 m6 l6"
    >
      6
    </div>
    <div
      className="col s6 m6 l6"
    >
      6
    </div>
    <div
      className="col s3 m3 l3"
    >
      3
    </div>
    <div
      className="col s3 m3 l3"
    >
      3
    </div>
    <div
      className="col s3 m3 l3"
    >
      3
    </div>
    <div
      className="col s3 m3 l3"
    >
      3
    </div>
    <div
      className="col s1 m1 l1"
    >
      1
    </div>
    <div
      className="col s1 m1 l1"
    >
      1
    </div>
    <div
      className="col s1 m1 l1"
    >
      1
    </div>
    <div
      className="col s1 m1 l1"
    >
      1
    </div>
    <div
      className="col s1 m1 l1"
    >
      1
    </div>
    <div
      className="col s1 m1 l1"
    >
      1
    </div>
    <div
      className="col s1 m1 l1"
    >
      1
    </div>
    <div
      className="col s1 m1 l1"
    >
      1
    </div>
    <div
      className="col s1 m1 l1"
    >
      1
    </div>
    <div
      className="col s1 m1 l1"
    >
      1
    </div>
    <div
      className="col s1 m1 l1"
    >
      1
    </div>
    <div
      className="col s1 m1 l1"
    >
      1
    </div>
  </div>
  <div
    className="row"
  >
    <div
      className="col s12 m6 l6"
    >
      6
    </div>
    <div
      className="col s12 m6 l6"
    >
      6
    </div>
  </div>
  <div
    className="row"
  >
    <div
      className="col s12 offset-m3 m3 offset-l3 l3"
    >
      3
    </div>
    <div
      className="col s12 offset-m3 m3 offset-l3 l3"
    >
      3
    </div>
  </div>
</div>
`;
